// Vitest Snapshot v1, https://vitest.dev/guide/snapshot.html

exports[`<script> after <script setup> the script content not end with \`\\n\` 1`] = `
"import { x } from './x'
  const n = 1

export default {
  setup(__props, { expose: __expose }) {
  __expose();

  
return { get n() { return n }, set n(v) { throw new Error('Assignment to constant variable.') }, get x() { return x } }
}

}"
`;

exports[`defineExpose() 1`] = `
"
export default {
  setup(__props, { expose: __expose }) {

__expose({ foo: 123 })

return {  }
}

}"
`;
