// Vitest Snapshot v1, https://vitest.dev/guide/snapshot.html

exports[`compiler: v-show transform > simple expression 1`] = `
"import { applyVShow as _applyVShow, template as _template } from 'vue';
const t0 = _template("<div></div>", true)

export function render(_ctx) {
  const n0 = t0()
  _applyVShow(n0, () => (_ctx.foo))
  return n0
}"
`;
